// Jest Snapshot v1, https://goo.gl/fbAQLP

exports[`<NotFound /> renders correctly 1`] = `
<div>
  <span
    className="flex items-center text-left text-sm text-slate-400 mb-4 p-2 cursor-pointer hover:underline"
    onClick={[Function]}
  >
    <svg
      className="mr-1"
      fill="currentColor"
      height="10px"
      stroke="currentColor"
      strokeWidth="0"
      style={
        Object {
          "color": undefined,
        }
      }
      viewBox="0 0 448 512"
      width="10px"
      xmlns="http://www.w3.org/2000/svg"
    >
      <path
        d="M257.5 445.1l-22.2 22.2c-9.4 9.4-24.6 9.4-33.9 0L7 273c-9.4-9.4-9.4-24.6 0-33.9L201.4 44.7c9.4-9.4 24.6-9.4 33.9 0l22.2 22.2c9.5 9.5 9.3 25-.4 34.3L136.6 216H424c13.3 0 24 10.7 24 24v32c0 13.3-10.7 24-24 24H136.6l120.5 114.8c9.8 9.3 10 24.8.4 34.3z"
      />
    </svg>
    back to all links
  </span>
  <span
    className="block text-xl md:text-2xl font-semibold text-slate-300 mb-1"
  >
    Page Not Found
  </span>
</div>
`;
